// Jest Snapshot v1, https://goo.gl/fbAQLP

exports[`Modal Component Modal matches snapshot 1`] = `
<div
  className="sc-gtssRu feuQa-d"
/>
`;
