// Jest Snapshot v1, https://goo.gl/fbAQLP

exports[`Forgot Component Forgot matches data snapshot 1`] = `
<div
  className="sc-hKFyIo gSJtJX"
>
  <div
    className="grid_layout d-block d-md-grid"
  >
    <div
      className="grid-1 d-flex"
    >
      <div
        className="child__item container"
        data-testid="auth-layout"
      >
        <svg
          className="mb-4"
        >
          logos.png
        </svg>
        <div
          className="sc-eCApGN bxhqDO"
        >
          <h3>
            Reset password
          </h3>
          <p
            className="intro__text"
          >
            Enter your email address to get reset link
          </p>
          <form
            onSubmit={[Function]}
          >
            <div
              className="sc-bdnylx edIswL"
              data-testid="input"
            >
              <label
                htmlFor="Email Address"
              >
                Email Address
              </label>
              <input
                className="form-control"
                data-testid="inputs"
                id="email"
                name="email"
                onBlur={[Function]}
                onChange={[Function]}
                placeholder="Email Address"
                type="email"
                value=""
              />
            </div>
            <button
              className="sc-dlnjPT eCNwlC button btn-developp btn-block"
              data-testid="button"
              disabled={false}
              type="submit"
              width=""
            >
               
              Get password reset link
               
            </button>
          </form>
          <p
            className="intro__link-link-out"
          >
            Remmember Passoword? 
            <a
              href="/"
              onClick={[Function]}
            >
              Get Started
            </a>
          </p>
        </div>
      </div>
    </div>
    <div
      className="grid-2 d-none d-md-block"
    >
      <img
        alt="layout banner"
        src="Body.png"
      />
    </div>
  </div>
</div>
`;
