// Jest Snapshot v1, https://goo.gl/fbAQLP

exports[`Protected  Routes Protected  matches snapshot 1`] = `null`;
